// Jest Snapshot v1, https://goo.gl/fbAQLP

exports[`<RegisterForm /> testing renders and matches snapshot 1`] = `
<div>
  <form
    class="sc-dc2830a3-0 iEvsZN"
    method="POST"
  >
    <h2>
       Register 
    </h2>
    <p />
    <fieldset
      aria-busy="false"
    >
      <label
        for="name"
      >
        Name
        <input
          autocomplete="name"
          id="name"
          name="name"
          placeholder="your name..."
          required=""
          type="text"
          value=""
        />
      </label>
      <label
        for="email"
      >
        Email
        <input
          autocomplete="email"
          id="email"
          name="email"
          placeholder="email..."
          required=""
          type="email"
          value=""
        />
      </label>
      <label
        for="password"
      >
        Password
        <input
          autocomplete="password"
          id="password"
          name="password"
          placeholder="password..."
          required=""
          type="password"
          value=""
        />
      </label>
      <button
        type="submit"
      >
         Create Account 
      </button>
    </fieldset>
  </form>
</div>
`;
