// Jest Snapshot v1, https://goo.gl/fbAQLP

exports[`<ProductCreate /> render and match snapshot 1`] = `
<div>
  <form
    class="sc-dc2830a3-0 iEvsZN"
  >
    <fieldset
      aria-busy="false"
    >
      <label
        for="image"
      >
        Image
        <input
          id="image"
          name="image"
          type="file"
        />
      </label>
      <label
        for="name"
      >
        Name
        <input
          id="name"
          name="name"
          placeholder="name..."
          required=""
          type="text"
          value="will"
        />
      </label>
      <label
        for="price"
      >
        Price
        <input
          id="price"
          name="price"
          placeholder="price..."
          required=""
          type="number"
          value="123"
        />
      </label>
      <label
        for="description"
      >
        Description
        <textarea
          id="description"
          name="description"
          placeholder="description..."
        >
          mydesc
        </textarea>
      </label>
      <button
        type="submit"
      >
         + Add 
      </button>
      <br />
       
      <br />
      <button
        type="button"
      >
         clear form 
      </button>
    </fieldset>
  </form>
</div>
`;
